// Jest Snapshot v1, https://goo.gl/fbAQLP

exports[`Tests in AppRouter should show login in case user is not authenticated 1`] = `
<div>
  <main
    class="MuiContainer-root MuiContainer-maxWidthFalse css-2bi4m2-MuiContainer-root"
  >
    <div
      class="MuiBox-root css-1fp3p0t"
    >
      <div
        class="MuiBox-root css-ckhcb9"
      >
        <div
          class="MuiBox-root css-c5ephf"
        >
          <div
            class="MuiBox-root css-j7qwjs"
          >
            <span
              class="MuiTypography-root MuiTypography-body1 css-1c7a8s7-MuiTypography-root"
            >
              Welcome to,
            </span>
            <span
              class="MuiTypography-root MuiTypography-h3 css-162y9ut-MuiTypography-root"
            >
              IBM
               
              <span
                class="MuiTypography-root MuiTypography-h3 css-19qgod0-MuiTypography-root"
              >
                LERT
              </span>
            </span>
            <p
              class="MuiTypography-root MuiTypography-body1 css-1x4iig-MuiTypography-root"
            >
              Start using the Labor Expenses Recovery Tool
            </p>
          </div>
          <div
            class="MuiBox-root css-0"
          >
            <span
              class="MuiTypography-root MuiTypography-body1 css-fpxq78-MuiTypography-root"
            >
              Learn more:
            </span>
            <div
              class="MuiBox-root css-9c7r58"
            >
              <a
                class="MuiTypography-root MuiTypography-inherit MuiLink-root MuiLink-underlineAlways css-s9q0mz-MuiTypography-root-MuiLink-root"
                href="https://www.ibm.com/"
                target="_blank"
              >
                Terms of use
              </a>
              <a
                class="MuiTypography-root MuiTypography-inherit MuiLink-root MuiLink-underlineAlways css-s9q0mz-MuiTypography-root-MuiLink-root"
                href="https://www.ibm.com/"
                target="_blank"
              >
                IBM Internal Privacy Statement
              </a>
              <a
                class="MuiTypography-root MuiTypography-inherit MuiLink-root MuiLink-underlineAlways css-s9q0mz-MuiTypography-root-MuiLink-root"
                href="https://www.ibm.com/"
                target="_blank"
              >
                Feedback
              </a>
              <a
                class="MuiTypography-root MuiTypography-inherit MuiLink-root MuiLink-underlineAlways css-s9q0mz-MuiTypography-root-MuiLink-root"
                href="https://www.ibm.com/"
                target="_blank"
              >
                Business Conduct Guidelines
              </a>
              <a
                class="MuiTypography-root MuiTypography-inherit MuiLink-root MuiLink-underlineAlways css-s9q0mz-MuiTypography-root-MuiLink-root"
                href="https://www.ibm.com/"
                target="_blank"
              >
                Support
              </a>
            </div>
          </div>
        </div>
        <div
          class="MuiBox-root css-20nurc"
        >
          <h1
            class="MuiTypography-root MuiTypography-h5 css-1v2pkav-MuiTypography-root"
          >
            Log in to IBM
             
            <p
              class="MuiTypography-root MuiTypography-body1 css-wle25o-MuiTypography-root"
            >
              LERT
            </p>
          </h1>
          <form
            class="MuiBox-root css-tz6en3"
            novalidate=""
          >
            <div
              class="MuiFormControl-root MuiFormControl-marginNormal MuiFormControl-fullWidth MuiTextField-root css-17vbkzs-MuiFormControl-root-MuiTextField-root"
            >
              <label
                class="MuiInputLabel-root MuiInputLabel-formControl MuiInputLabel-animated MuiInputLabel-shrink MuiInputLabel-outlined MuiFormLabel-root MuiFormLabel-colorPrimary Mui-focused Mui-required css-1sumxir-MuiFormLabel-root-MuiInputLabel-root"
                data-shrink="true"
                for="email"
                id="email-label"
              >
                Email Address
                <span
                  aria-hidden="true"
                  class="MuiInputLabel-asterisk MuiFormLabel-asterisk css-wgai2y-MuiFormLabel-asterisk"
                >
                   
                  *
                </span>
              </label>
              <div
                class="MuiOutlinedInput-root MuiInputBase-root MuiInputBase-colorPrimary MuiInputBase-fullWidth Mui-focused MuiInputBase-formControl css-md26zr-MuiInputBase-root-MuiOutlinedInput-root"
              >
                <input
                  aria-invalid="false"
                  autocomplete="email"
                  class="MuiOutlinedInput-input MuiInputBase-input css-1t8l2tu-MuiInputBase-input-MuiOutlinedInput-input"
                  id="email"
                  name="email"
                  required=""
                  type="text"
                  value=""
                />
                <fieldset
                  aria-hidden="true"
                  class="MuiOutlinedInput-notchedOutline css-1d3z3hw-MuiOutlinedInput-notchedOutline"
                >
                  <legend
                    class="css-1in441m"
                  >
                    <span>
                      Email Address
                       
                      *
                    </span>
                  </legend>
                </fieldset>
              </div>
            </div>
            <div
              class="MuiFormControl-root MuiFormControl-marginNormal MuiFormControl-fullWidth MuiTextField-root css-17vbkzs-MuiFormControl-root-MuiTextField-root"
            >
              <label
                class="MuiInputLabel-root MuiInputLabel-formControl MuiInputLabel-animated MuiInputLabel-outlined MuiFormLabel-root MuiFormLabel-colorPrimary Mui-required css-14s5rfu-MuiFormLabel-root-MuiInputLabel-root"
                data-shrink="false"
                for="password"
                id="password-label"
              >
                Password
                <span
                  aria-hidden="true"
                  class="MuiInputLabel-asterisk MuiFormLabel-asterisk css-wgai2y-MuiFormLabel-asterisk"
                >
                   
                  *
                </span>
              </label>
              <div
                class="MuiOutlinedInput-root MuiInputBase-root MuiInputBase-colorPrimary MuiInputBase-fullWidth MuiInputBase-formControl css-md26zr-MuiInputBase-root-MuiOutlinedInput-root"
              >
                <input
                  aria-invalid="false"
                  autocomplete="current-password"
                  class="MuiOutlinedInput-input MuiInputBase-input css-1t8l2tu-MuiInputBase-input-MuiOutlinedInput-input"
                  id="password"
                  name="password"
                  required=""
                  type="password"
                  value=""
                />
                <fieldset
                  aria-hidden="true"
                  class="MuiOutlinedInput-notchedOutline css-1d3z3hw-MuiOutlinedInput-notchedOutline"
                >
                  <legend
                    class="css-1ftyaf0"
                  >
                    <span>
                      Password
                       
                      *
                    </span>
                  </legend>
                </fieldset>
              </div>
            </div>
            <label
              class="MuiFormControlLabel-root MuiFormControlLabel-labelPlacementEnd css-j204z7-MuiFormControlLabel-root"
            >
              <span
                class="MuiCheckbox-root MuiCheckbox-colorPrimary MuiButtonBase-root MuiCheckbox-root MuiCheckbox-colorPrimary PrivateSwitchBase-root css-12wnr2w-MuiButtonBase-root-MuiCheckbox-root"
              >
                <input
                  class="PrivateSwitchBase-input css-1m9pwf3"
                  data-indeterminate="false"
                  type="checkbox"
                  value="remember"
                />
                <svg
                  aria-hidden="true"
                  class="MuiSvgIcon-root MuiSvgIcon-fontSizeMedium css-i4bv87-MuiSvgIcon-root"
                  data-testid="CheckBoxOutlineBlankIcon"
                  focusable="false"
                  viewBox="0 0 24 24"
                >
                  <path
                    d="M19 5v14H5V5h14m0-2H5c-1.1 0-2 .9-2 2v14c0 1.1.9 2 2 2h14c1.1 0 2-.9 2-2V5c0-1.1-.9-2-2-2z"
                  />
                </svg>
                <span
                  class="MuiTouchRipple-root css-8je8zh-MuiTouchRipple-root"
                />
              </span>
              <span
                class="MuiTypography-root MuiTypography-body1 MuiFormControlLabel-label css-ahj2mt-MuiTypography-root"
              >
                Remember me
              </span>
            </label>
            <button
              class="MuiButton-root MuiButton-contained MuiButton-containedPrimary MuiButton-sizeMedium MuiButton-containedSizeMedium MuiButton-fullWidth MuiButtonBase-root  css-3mc3fz-MuiButtonBase-root-MuiButton-root"
              tabindex="0"
              type="submit"
            >
              Log in 
              <svg
                aria-hidden="true"
                class="MuiSvgIcon-root MuiSvgIcon-fontSizeSmall css-ptiqhd-MuiSvgIcon-root"
                data-testid="ArrowForwardOutlinedIcon"
                focusable="false"
                viewBox="0 0 24 24"
              >
                <path
                  d="m12 4-1.41 1.41L16.17 11H4v2h12.17l-5.58 5.59L12 20l8-8-8-8z"
                />
              </svg>
              <span
                class="MuiTouchRipple-root css-8je8zh-MuiTouchRipple-root"
              />
            </button>
            <div
              class="MuiGrid-root MuiGrid-container css-11lq3yg-MuiGrid-root"
            >
              <div
                class="MuiGrid-root MuiGrid-item MuiGrid-grid-xs-true css-1vd824g-MuiGrid-root"
              >
                <a
                  class="MuiTypography-root MuiTypography-body2 MuiLink-root MuiLink-underlineAlways css-wpssva-MuiTypography-root-MuiLink-root"
                  href="#"
                >
                  Forgot password?
                </a>
              </div>
            </div>
          </form>
        </div>
      </div>
    </div>
  </main>
</div>
`;
